Archive member included to satisfy reference by file (symbol)

d:/microchip studio/7.0/toolchain/avr8/avr8-gnu-toolchain/bin/../lib/gcc/avr/5.4.0/avr5\libgcc.a(_divmodhi4.o)
                              HAL/LCD/LCD.o (__divmodhi4)
d:/microchip studio/7.0/toolchain/avr8/avr8-gnu-toolchain/bin/../lib/gcc/avr/5.4.0/avr5\libgcc.a(_udivmodsi4.o)
                              HAL/TempSensor/TempSensor.o (__udivmodsi4)
d:/microchip studio/7.0/toolchain/avr8/avr8-gnu-toolchain/bin/../lib/gcc/avr/5.4.0/avr5\libgcc.a(_exit.o)
                              D:/Microchip studio/7.0/Packs/atmel/ATmega_DFP/1.6.364/gcc/dev/atmega32/avr5/crtatmega32.o (exit)
d:/microchip studio/7.0/toolchain/avr8/avr8-gnu-toolchain/bin/../lib/gcc/avr/5.4.0/avr5\libgcc.a(_copy_data.o)
                              Application layer/HomeDisplay.o (__do_copy_data)
d:/microchip studio/7.0/toolchain/avr8/avr8-gnu-toolchain/bin/../lib/gcc/avr/5.4.0/avr5\libgcc.a(_clear_bss.o)
                              Application layer/main.o (__do_clear_bss)
d:/microchip studio/7.0/toolchain/avr8/avr8-gnu-toolchain/bin/../lib/gcc/avr/5.4.0/avr5\libgcc.a(_umulhisi3.o)
                              HAL/ServoMotor/ServoMotor.o (__umulhisi3)
d:/microchip studio/7.0/toolchain/avr8/avr8-gnu-toolchain/bin/../lib/gcc/avr/5.4.0/avr5\libgcc.a(_udivmodhi4.o)
                              d:/microchip studio/7.0/toolchain/avr8/avr8-gnu-toolchain/bin/../lib/gcc/avr/5.4.0/avr5\libgcc.a(_divmodhi4.o) (__udivmodhi4)
d:/microchip studio/7.0/toolchain/avr8/avr8-gnu-toolchain/bin/../lib/gcc/avr/5.4.0/../../../../avr/lib/avr5\libc.a(malloc.o)
                              Application layer/UserManagement.o (malloc)
d:/microchip studio/7.0/toolchain/avr8/avr8-gnu-toolchain/bin/../lib/gcc/avr/5.4.0/../../../../avr/lib/avr5\libc.a(strcmp.o)
                              Application layer/UserManagement.o (strcmp)
d:/microchip studio/7.0/toolchain/avr8/avr8-gnu-toolchain/bin/../lib/gcc/avr/5.4.0/../../../../avr/lib/avr5\libc.a(strcpy.o)
                              Application layer/UserManagement.o (strcpy)

Allocating common symbols
Common symbol       size              file

user1               0xc               Application layer/UserManagement.o
user3               0xc               Application layer/UserManagement.o
__brkval            0x2               d:/microchip studio/7.0/toolchain/avr8/avr8-gnu-toolchain/bin/../lib/gcc/avr/5.4.0/../../../../avr/lib/avr5\libc.a(malloc.o)
UART_RX_VALUE       0x2               Application layer/main.o
user2               0xc               Application layer/UserManagement.o
__flp               0x2               d:/microchip studio/7.0/toolchain/avr8/avr8-gnu-toolchain/bin/../lib/gcc/avr/5.4.0/../../../../avr/lib/avr5\libc.a(malloc.o)

Discarded input sections

 .data          0x00000000        0x0 D:/Microchip studio/7.0/Packs/atmel/ATmega_DFP/1.6.364/gcc/dev/atmega32/avr5/crtatmega32.o
 .bss           0x00000000        0x0 D:/Microchip studio/7.0/Packs/atmel/ATmega_DFP/1.6.364/gcc/dev/atmega32/avr5/crtatmega32.o
 .text          0x00000000        0x0 Application layer/HomeDisplay.o
 .data          0x00000000        0x0 Application layer/HomeDisplay.o
 .bss           0x00000000        0x0 Application layer/HomeDisplay.o
 .text          0x00000000        0x0 Application layer/main.o
 .data          0x00000000        0x0 Application layer/main.o
 .bss           0x00000000        0x0 Application layer/main.o
 .text          0x00000000        0x0 Application layer/UserManagement.o
 .data          0x00000000        0x0 Application layer/UserManagement.o
 .bss           0x00000000        0x0 Application layer/UserManagement.o
 .text.storeName
                0x00000000       0x5a Application layer/UserManagement.o
 .text.storePassword
                0x00000000       0x5a Application layer/UserManagement.o
 .text.manageUser
                0x00000000       0xd0 Application layer/UserManagement.o
 COMMON         0x00000000       0x24 Application layer/UserManagement.o
 .text          0x00000000        0x0 HAL/Bluetooth/Bluetooth.o
 .data          0x00000000        0x0 HAL/Bluetooth/Bluetooth.o
 .bss           0x00000000        0x0 HAL/Bluetooth/Bluetooth.o
 .text.Bluetooth_Init
                0x00000000        0x6 HAL/Bluetooth/Bluetooth.o
 .text          0x00000000        0x0 HAL/Buzzer/Buzzer.o
 .data          0x00000000        0x0 HAL/Buzzer/Buzzer.o
 .bss           0x00000000        0x0 HAL/Buzzer/Buzzer.o
 .text          0x00000000        0x0 HAL/DCMotor/DCMotor.o
 .data          0x00000000        0x0 HAL/DCMotor/DCMotor.o
 .bss           0x00000000        0x0 HAL/DCMotor/DCMotor.o
 .text          0x00000000        0x0 HAL/EEPROM/EEPROM.o
 .data          0x00000000        0x0 HAL/EEPROM/EEPROM.o
 .bss           0x00000000        0x0 HAL/EEPROM/EEPROM.o
 .text.EEPROM_WriteByte
                0x00000000       0x46 HAL/EEPROM/EEPROM.o
 .text          0x00000000        0x0 HAL/LCD/LCD.o
 .data          0x00000000        0x0 HAL/LCD/LCD.o
 .bss           0x00000000        0x0 HAL/LCD/LCD.o
 .text.LCD_ShiftRight
                0x00000000        0x8 HAL/LCD/LCD.o
 .text.LCD_ShiftLeft
                0x00000000        0x8 HAL/LCD/LCD.o
 .text          0x00000000        0x0 HAL/ServoMotor/ServoMotor.o
 .data          0x00000000        0x0 HAL/ServoMotor/ServoMotor.o
 .bss           0x00000000        0x0 HAL/ServoMotor/ServoMotor.o
 .text          0x00000000        0x0 HAL/TempSensor/TempSensor.o
 .data          0x00000000        0x0 HAL/TempSensor/TempSensor.o
 .bss           0x00000000        0x0 HAL/TempSensor/TempSensor.o
 .text          0x00000000        0x0 MCAL/ADC/ADC.o
 .data          0x00000000        0x0 MCAL/ADC/ADC.o
 .bss           0x00000000        0x0 MCAL/ADC/ADC.o
 .text          0x00000000        0x0 MCAL/TWI/TWI.o
 .data          0x00000000        0x0 MCAL/TWI/TWI.o
 .bss           0x00000000        0x0 MCAL/TWI/TWI.o
 .text.TWI_Read_Ack
                0x00000000       0x16 MCAL/TWI/TWI.o
 .text          0x00000000        0x0 MCAL/UART/UART.o
 .data          0x00000000        0x0 MCAL/UART/UART.o
 .bss           0x00000000        0x0 MCAL/UART/UART.o
 .text          0x00000000        0x0 d:/microchip studio/7.0/toolchain/avr8/avr8-gnu-toolchain/bin/../lib/gcc/avr/5.4.0/avr5\libgcc.a(_divmodhi4.o)
 .data          0x00000000        0x0 d:/microchip studio/7.0/toolchain/avr8/avr8-gnu-toolchain/bin/../lib/gcc/avr/5.4.0/avr5\libgcc.a(_divmodhi4.o)
 .bss           0x00000000        0x0 d:/microchip studio/7.0/toolchain/avr8/avr8-gnu-toolchain/bin/../lib/gcc/avr/5.4.0/avr5\libgcc.a(_divmodhi4.o)
 .text.libgcc.mul
                0x00000000        0x0 d:/microchip studio/7.0/toolchain/avr8/avr8-gnu-toolchain/bin/../lib/gcc/avr/5.4.0/avr5\libgcc.a(_divmodhi4.o)
 .text.libgcc   0x00000000        0x0 d:/microchip studio/7.0/toolchain/avr8/avr8-gnu-toolchain/bin/../lib/gcc/avr/5.4.0/avr5\libgcc.a(_divmodhi4.o)
 .text.libgcc.prologue
                0x00000000        0x0 d:/microchip studio/7.0/toolchain/avr8/avr8-gnu-toolchain/bin/../lib/gcc/avr/5.4.0/avr5\libgcc.a(_divmodhi4.o)
 .text.libgcc.builtins
                0x00000000        0x0 d:/microchip studio/7.0/toolchain/avr8/avr8-gnu-toolchain/bin/../lib/gcc/avr/5.4.0/avr5\libgcc.a(_divmodhi4.o)
 .text.libgcc.fmul
                0x00000000        0x0 d:/microchip studio/7.0/toolchain/avr8/avr8-gnu-toolchain/bin/../lib/gcc/avr/5.4.0/avr5\libgcc.a(_divmodhi4.o)
 .text.libgcc.fixed
                0x00000000        0x0 d:/microchip studio/7.0/toolchain/avr8/avr8-gnu-toolchain/bin/../lib/gcc/avr/5.4.0/avr5\libgcc.a(_divmodhi4.o)
 .text          0x00000000        0x0 d:/microchip studio/7.0/toolchain/avr8/avr8-gnu-toolchain/bin/../lib/gcc/avr/5.4.0/avr5\libgcc.a(_udivmodsi4.o)
 .data          0x00000000        0x0 d:/microchip studio/7.0/toolchain/avr8/avr8-gnu-toolchain/bin/../lib/gcc/avr/5.4.0/avr5\libgcc.a(_udivmodsi4.o)
 .bss           0x00000000        0x0 d:/microchip studio/7.0/toolchain/avr8/avr8-gnu-toolchain/bin/../lib/gcc/avr/5.4.0/avr5\libgcc.a(_udivmodsi4.o)
 .text.libgcc.mul
                0x00000000        0x0 d:/microchip studio/7.0/toolchain/avr8/avr8-gnu-toolchain/bin/../lib/gcc/avr/5.4.0/avr5\libgcc.a(_udivmodsi4.o)
 .text.libgcc   0x00000000        0x0 d:/microchip studio/7.0/toolchain/avr8/avr8-gnu-toolchain/bin/../lib/gcc/avr/5.4.0/avr5\libgcc.a(_udivmodsi4.o)
 .text.libgcc.prologue
                0x00000000        0x0 d:/microchip studio/7.0/toolchain/avr8/avr8-gnu-toolchain/bin/../lib/gcc/avr/5.4.0/avr5\libgcc.a(_udivmodsi4.o)
 .text.libgcc.builtins
                0x00000000        0x0 d:/microchip studio/7.0/toolchain/avr8/avr8-gnu-toolchain/bin/../lib/gcc/avr/5.4.0/avr5\libgcc.a(_udivmodsi4.o)
 .text.libgcc.fmul
                0x00000000        0x0 d:/microchip studio/7.0/toolchain/avr8/avr8-gnu-toolchain/bin/../lib/gcc/avr/5.4.0/avr5\libgcc.a(_udivmodsi4.o)
 .text.libgcc.fixed
                0x00000000        0x0 d:/microchip studio/7.0/toolchain/avr8/avr8-gnu-toolchain/bin/../lib/gcc/avr/5.4.0/avr5\libgcc.a(_udivmodsi4.o)
 .text          0x00000000        0x0 d:/microchip studio/7.0/toolchain/avr8/avr8-gnu-toolchain/bin/../lib/gcc/avr/5.4.0/avr5\libgcc.a(_exit.o)
 .data          0x00000000        0x0 d:/microchip studio/7.0/toolchain/avr8/avr8-gnu-toolchain/bin/../lib/gcc/avr/5.4.0/avr5\libgcc.a(_exit.o)
 .bss           0x00000000        0x0 d:/microchip studio/7.0/toolchain/avr8/avr8-gnu-toolchain/bin/../lib/gcc/avr/5.4.0/avr5\libgcc.a(_exit.o)
 .text.libgcc.mul
                0x00000000        0x0 d:/microchip studio/7.0/toolchain/avr8/avr8-gnu-toolchain/bin/../lib/gcc/avr/5.4.0/avr5\libgcc.a(_exit.o)
 .text.libgcc.div
                0x00000000        0x0 d:/microchip studio/7.0/toolchain/avr8/avr8-gnu-toolchain/bin/../lib/gcc/avr/5.4.0/avr5\libgcc.a(_exit.o)
 .text.libgcc   0x00000000        0x0 d:/microchip studio/7.0/toolchain/avr8/avr8-gnu-toolchain/bin/../lib/gcc/avr/5.4.0/avr5\libgcc.a(_exit.o)
 .text.libgcc.prologue
                0x00000000        0x0 d:/microchip studio/7.0/toolchain/avr8/avr8-gnu-toolchain/bin/../lib/gcc/avr/5.4.0/avr5\libgcc.a(_exit.o)
 .text.libgcc.builtins
                0x00000000        0x0 d:/microchip studio/7.0/toolchain/avr8/avr8-gnu-toolchain/bin/../lib/gcc/avr/5.4.0/avr5\libgcc.a(_exit.o)
 .text.libgcc.fmul
                0x00000000        0x0 d:/microchip studio/7.0/toolchain/avr8/avr8-gnu-toolchain/bin/../lib/gcc/avr/5.4.0/avr5\libgcc.a(_exit.o)
 .text.libgcc.fixed
                0x00000000        0x0 d:/microchip studio/7.0/toolchain/avr8/avr8-gnu-toolchain/bin/../lib/gcc/avr/5.4.0/avr5\libgcc.a(_exit.o)
 .text          0x00000000        0x0 d:/microchip studio/7.0/toolchain/avr8/avr8-gnu-toolchain/bin/../lib/gcc/avr/5.4.0/avr5\libgcc.a(_copy_data.o)
 .data          0x00000000        0x0 d:/microchip studio/7.0/toolchain/avr8/avr8-gnu-toolchain/bin/../lib/gcc/avr/5.4.0/avr5\libgcc.a(_copy_data.o)
 .bss           0x00000000        0x0 d:/microchip studio/7.0/toolchain/avr8/avr8-gnu-toolchain/bin/../lib/gcc/avr/5.4.0/avr5\libgcc.a(_copy_data.o)
 .text.libgcc.mul
                0x00000000        0x0 d:/microchip studio/7.0/toolchain/avr8/avr8-gnu-toolchain/bin/../lib/gcc/avr/5.4.0/avr5\libgcc.a(_copy_data.o)
 .text.libgcc.div
                0x00000000        0x0 d:/microchip studio/7.0/toolchain/avr8/avr8-gnu-toolchain/bin/../lib/gcc/avr/5.4.0/avr5\libgcc.a(_copy_data.o)
 .text.libgcc   0x00000000        0x0 d:/microchip studio/7.0/toolchain/avr8/avr8-gnu-toolchain/bin/../lib/gcc/avr/5.4.0/avr5\libgcc.a(_copy_data.o)
 .text.libgcc.prologue
                0x00000000        0x0 d:/microchip studio/7.0/toolchain/avr8/avr8-gnu-toolchain/bin/../lib/gcc/avr/5.4.0/avr5\libgcc.a(_copy_data.o)
 .text.libgcc.builtins
                0x00000000        0x0 d:/microchip studio/7.0/toolchain/avr8/avr8-gnu-toolchain/bin/../lib/gcc/avr/5.4.0/avr5\libgcc.a(_copy_data.o)
 .text.libgcc.fmul
                0x00000000        0x0 d:/microchip studio/7.0/toolchain/avr8/avr8-gnu-toolchain/bin/../lib/gcc/avr/5.4.0/avr5\libgcc.a(_copy_data.o)
 .text.libgcc.fixed
                0x00000000        0x0 d:/microchip studio/7.0/toolchain/avr8/avr8-gnu-toolchain/bin/../lib/gcc/avr/5.4.0/avr5\libgcc.a(_copy_data.o)
 .text          0x00000000        0x0 d:/microchip studio/7.0/toolchain/avr8/avr8-gnu-toolchain/bin/../lib/gcc/avr/5.4.0/avr5\libgcc.a(_clear_bss.o)
 .data          0x00000000        0x0 d:/microchip studio/7.0/toolchain/avr8/avr8-gnu-toolchain/bin/../lib/gcc/avr/5.4.0/avr5\libgcc.a(_clear_bss.o)
 .bss           0x00000000        0x0 d:/microchip studio/7.0/toolchain/avr8/avr8-gnu-toolchain/bin/../lib/gcc/avr/5.4.0/avr5\libgcc.a(_clear_bss.o)
 .text.libgcc.mul
                0x00000000        0x0 d:/microchip studio/7.0/toolchain/avr8/avr8-gnu-toolchain/bin/../lib/gcc/avr/5.4.0/avr5\libgcc.a(_clear_bss.o)
 .text.libgcc.div
                0x00000000        0x0 d:/microchip studio/7.0/toolchain/avr8/avr8-gnu-toolchain/bin/../lib/gcc/avr/5.4.0/avr5\libgcc.a(_clear_bss.o)
 .text.libgcc   0x00000000        0x0 d:/microchip studio/7.0/toolchain/avr8/avr8-gnu-toolchain/bin/../lib/gcc/avr/5.4.0/avr5\libgcc.a(_clear_bss.o)
 .text.libgcc.prologue
                0x00000000        0x0 d:/microchip studio/7.0/toolchain/avr8/avr8-gnu-toolchain/bin/../lib/gcc/avr/5.4.0/avr5\libgcc.a(_clear_bss.o)
 .text.libgcc.builtins
                0x00000000        0x0 d:/microchip studio/7.0/toolchain/avr8/avr8-gnu-toolchain/bin/../lib/gcc/avr/5.4.0/avr5\libgcc.a(_clear_bss.o)
 .text.libgcc.fmul
                0x00000000        0x0 d:/microchip studio/7.0/toolchain/avr8/avr8-gnu-toolchain/bin/../lib/gcc/avr/5.4.0/avr5\libgcc.a(_clear_bss.o)
 .text.libgcc.fixed
                0x00000000        0x0 d:/microchip studio/7.0/toolchain/avr8/avr8-gnu-toolchain/bin/../lib/gcc/avr/5.4.0/avr5\libgcc.a(_clear_bss.o)
 .text          0x00000000        0x0 d:/microchip studio/7.0/toolchain/avr8/avr8-gnu-toolchain/bin/../lib/gcc/avr/5.4.0/avr5\libgcc.a(_umulhisi3.o)
 .data          0x00000000        0x0 d:/microchip studio/7.0/toolchain/avr8/avr8-gnu-toolchain/bin/../lib/gcc/avr/5.4.0/avr5\libgcc.a(_umulhisi3.o)
 .bss           0x00000000        0x0 d:/microchip studio/7.0/toolchain/avr8/avr8-gnu-toolchain/bin/../lib/gcc/avr/5.4.0/avr5\libgcc.a(_umulhisi3.o)
 .text.libgcc.div
                0x00000000        0x0 d:/microchip studio/7.0/toolchain/avr8/avr8-gnu-toolchain/bin/../lib/gcc/avr/5.4.0/avr5\libgcc.a(_umulhisi3.o)
 .text.libgcc   0x00000000        0x0 d:/microchip studio/7.0/toolchain/avr8/avr8-gnu-toolchain/bin/../lib/gcc/avr/5.4.0/avr5\libgcc.a(_umulhisi3.o)
 .text.libgcc.prologue
                0x00000000        0x0 d:/microchip studio/7.0/toolchain/avr8/avr8-gnu-toolchain/bin/../lib/gcc/avr/5.4.0/avr5\libgcc.a(_umulhisi3.o)
 .text.libgcc.builtins
                0x00000000        0x0 d:/microchip studio/7.0/toolchain/avr8/avr8-gnu-toolchain/bin/../lib/gcc/avr/5.4.0/avr5\libgcc.a(_umulhisi3.o)
 .text.libgcc.fmul
                0x00000000        0x0 d:/microchip studio/7.0/toolchain/avr8/avr8-gnu-toolchain/bin/../lib/gcc/avr/5.4.0/avr5\libgcc.a(_umulhisi3.o)
 .text.libgcc.fixed
                0x00000000        0x0 d:/microchip studio/7.0/toolchain/avr8/avr8-gnu-toolchain/bin/../lib/gcc/avr/5.4.0/avr5\libgcc.a(_umulhisi3.o)
 .text          0x00000000        0x0 d:/microchip studio/7.0/toolchain/avr8/avr8-gnu-toolchain/bin/../lib/gcc/avr/5.4.0/avr5\libgcc.a(_udivmodhi4.o)
 .data          0x00000000        0x0 d:/microchip studio/7.0/toolchain/avr8/avr8-gnu-toolchain/bin/../lib/gcc/avr/5.4.0/avr5\libgcc.a(_udivmodhi4.o)
 .bss           0x00000000        0x0 d:/microchip studio/7.0/toolchain/avr8/avr8-gnu-toolchain/bin/../lib/gcc/avr/5.4.0/avr5\libgcc.a(_udivmodhi4.o)
 .text.libgcc.mul
                0x00000000        0x0 d:/microchip studio/7.0/toolchain/avr8/avr8-gnu-toolchain/bin/../lib/gcc/avr/5.4.0/avr5\libgcc.a(_udivmodhi4.o)
 .text.libgcc   0x00000000        0x0 d:/microchip studio/7.0/toolchain/avr8/avr8-gnu-toolchain/bin/../lib/gcc/avr/5.4.0/avr5\libgcc.a(_udivmodhi4.o)
 .text.libgcc.prologue
                0x00000000        0x0 d:/microchip studio/7.0/toolchain/avr8/avr8-gnu-toolchain/bin/../lib/gcc/avr/5.4.0/avr5\libgcc.a(_udivmodhi4.o)
 .text.libgcc.builtins
                0x00000000        0x0 d:/microchip studio/7.0/toolchain/avr8/avr8-gnu-toolchain/bin/../lib/gcc/avr/5.4.0/avr5\libgcc.a(_udivmodhi4.o)
 .text.libgcc.fmul
                0x00000000        0x0 d:/microchip studio/7.0/toolchain/avr8/avr8-gnu-toolchain/bin/../lib/gcc/avr/5.4.0/avr5\libgcc.a(_udivmodhi4.o)
 .text.libgcc.fixed
                0x00000000        0x0 d:/microchip studio/7.0/toolchain/avr8/avr8-gnu-toolchain/bin/../lib/gcc/avr/5.4.0/avr5\libgcc.a(_udivmodhi4.o)
 .text          0x00000000        0x0 d:/microchip studio/7.0/toolchain/avr8/avr8-gnu-toolchain/bin/../lib/gcc/avr/5.4.0/../../../../avr/lib/avr5\libc.a(malloc.o)
 .bss           0x00000000        0x0 d:/microchip studio/7.0/toolchain/avr8/avr8-gnu-toolchain/bin/../lib/gcc/avr/5.4.0/../../../../avr/lib/avr5\libc.a(malloc.o)
 .text          0x00000000        0x0 d:/microchip studio/7.0/toolchain/avr8/avr8-gnu-toolchain/bin/../lib/gcc/avr/5.4.0/../../../../avr/lib/avr5\libc.a(strcmp.o)
 .data          0x00000000        0x0 d:/microchip studio/7.0/toolchain/avr8/avr8-gnu-toolchain/bin/../lib/gcc/avr/5.4.0/../../../../avr/lib/avr5\libc.a(strcmp.o)
 .bss           0x00000000        0x0 d:/microchip studio/7.0/toolchain/avr8/avr8-gnu-toolchain/bin/../lib/gcc/avr/5.4.0/../../../../avr/lib/avr5\libc.a(strcmp.o)
 .text          0x00000000        0x0 d:/microchip studio/7.0/toolchain/avr8/avr8-gnu-toolchain/bin/../lib/gcc/avr/5.4.0/../../../../avr/lib/avr5\libc.a(strcpy.o)
 .data          0x00000000        0x0 d:/microchip studio/7.0/toolchain/avr8/avr8-gnu-toolchain/bin/../lib/gcc/avr/5.4.0/../../../../avr/lib/avr5\libc.a(strcpy.o)
 .bss           0x00000000        0x0 d:/microchip studio/7.0/toolchain/avr8/avr8-gnu-toolchain/bin/../lib/gcc/avr/5.4.0/../../../../avr/lib/avr5\libc.a(strcpy.o)
 .text.avr-libc
                0x00000000        0xe d:/microchip studio/7.0/toolchain/avr8/avr8-gnu-toolchain/bin/../lib/gcc/avr/5.4.0/../../../../avr/lib/avr5\libc.a(strcpy.o)

Memory Configuration

Name             Origin             Length             Attributes
text             0x00000000         0x00008000         xr
data             0x00800060         0x00000800         rw !x
eeprom           0x00810000         0x00000400         rw !x
fuse             0x00820000         0x00000002         rw !x
lock             0x00830000         0x00000400         rw !x
signature        0x00840000         0x00000400         rw !x
user_signatures  0x00850000         0x00000400         rw !x
*default*        0x00000000         0xffffffff

Linker script and memory map

LOAD D:/Microchip studio/7.0/Packs/atmel/ATmega_DFP/1.6.364/gcc/dev/atmega32/avr5/crtatmega32.o
LOAD Application layer/HomeDisplay.o
LOAD Application layer/main.o
LOAD Application layer/UserManagement.o
LOAD HAL/Bluetooth/Bluetooth.o
LOAD HAL/Buzzer/Buzzer.o
LOAD HAL/DCMotor/DCMotor.o
LOAD HAL/EEPROM/EEPROM.o
LOAD HAL/LCD/LCD.o
LOAD HAL/ServoMotor/ServoMotor.o
LOAD HAL/TempSensor/TempSensor.o
LOAD MCAL/ADC/ADC.o
LOAD MCAL/TWI/TWI.o
LOAD MCAL/UART/UART.o
START GROUP
LOAD d:/microchip studio/7.0/toolchain/avr8/avr8-gnu-toolchain/bin/../lib/gcc/avr/5.4.0/../../../../avr/lib/avr5\libm.a
END GROUP
START GROUP
LOAD d:/microchip studio/7.0/toolchain/avr8/avr8-gnu-toolchain/bin/../lib/gcc/avr/5.4.0/avr5\libgcc.a
LOAD d:/microchip studio/7.0/toolchain/avr8/avr8-gnu-toolchain/bin/../lib/gcc/avr/5.4.0/../../../../avr/lib/avr5\libm.a
LOAD d:/microchip studio/7.0/toolchain/avr8/avr8-gnu-toolchain/bin/../lib/gcc/avr/5.4.0/../../../../avr/lib/avr5\libc.a
LOAD D:/Microchip studio/7.0/Packs/atmel/ATmega_DFP/1.6.364/gcc/dev/atmega32/avr5\libatmega32.a
END GROUP
                0x00000000                __TEXT_REGION_ORIGIN__ = DEFINED (__TEXT_REGION_ORIGIN__)?__TEXT_REGION_ORIGIN__:0x0
                [0x00800060]                __DATA_REGION_ORIGIN__ = DEFINED (__DATA_REGION_ORIGIN__)?__DATA_REGION_ORIGIN__:0x800060
                [0x00008000]                __TEXT_REGION_LENGTH__ = DEFINED (__TEXT_REGION_LENGTH__)?__TEXT_REGION_LENGTH__:0x20000
                [0x00000800]                __DATA_REGION_LENGTH__ = DEFINED (__DATA_REGION_LENGTH__)?__DATA_REGION_LENGTH__:0xffa0
                [0x00000400]                __EEPROM_REGION_LENGTH__ = DEFINED (__EEPROM_REGION_LENGTH__)?__EEPROM_REGION_LENGTH__:0x10000
                [0x00000002]                __FUSE_REGION_LENGTH__ = DEFINED (__FUSE_REGION_LENGTH__)?__FUSE_REGION_LENGTH__:0x400
                0x00000400                __LOCK_REGION_LENGTH__ = DEFINED (__LOCK_REGION_LENGTH__)?__LOCK_REGION_LENGTH__:0x400
                0x00000400                __SIGNATURE_REGION_LENGTH__ = DEFINED (__SIGNATURE_REGION_LENGTH__)?__SIGNATURE_REGION_LENGTH__:0x400
                0x00000400                __USER_SIGNATURE_REGION_LENGTH__ = DEFINED (__USER_SIGNATURE_REGION_LENGTH__)?__USER_SIGNATURE_REGION_LENGTH__:0x400

.hash
 *(.hash)

.dynsym
 *(.dynsym)

.dynstr
 *(.dynstr)

.gnu.version
 *(.gnu.version)

.gnu.version_d
 *(.gnu.version_d)

.gnu.version_r
 *(.gnu.version_r)

.rel.init
 *(.rel.init)

.rela.init
 *(.rela.init)

.rel.text
 *(.rel.text)
 *(.rel.text.*)
 *(.rel.gnu.linkonce.t*)

.rela.text
 *(.rela.text)
 *(.rela.text.*)
 *(.rela.gnu.linkonce.t*)

.rel.fini
 *(.rel.fini)

.rela.fini
 *(.rela.fini)

.rel.rodata
 *(.rel.rodata)
 *(.rel.rodata.*)
 *(.rel.gnu.linkonce.r*)

.rela.rodata
 *(.rela.rodata)
 *(.rela.rodata.*)
 *(.rela.gnu.linkonce.r*)

.rel.data
 *(.rel.data)
 *(.rel.data.*)
 *(.rel.gnu.linkonce.d*)

.rela.data
 *(.rela.data)
 *(.rela.data.*)
 *(.rela.gnu.linkonce.d*)

.rel.ctors
 *(.rel.ctors)

.rela.ctors
 *(.rela.ctors)

.rel.dtors
 *(.rel.dtors)

.rela.dtors
 *(.rela.dtors)

.rel.got
 *(.rel.got)

.rela.got
 *(.rela.got)

.rel.bss
 *(.rel.bss)

.rela.bss
 *(.rela.bss)

.rel.plt
 *(.rel.plt)

.rela.plt
 *(.rela.plt)

.text           0x00000000      0xdb6
 *(.vectors)
 .vectors       0x00000000       0x54 D:/Microchip studio/7.0/Packs/atmel/ATmega_DFP/1.6.364/gcc/dev/atmega32/avr5/crtatmega32.o
                0x00000000                __vector_default
                0x00000000                __vectors
 *(.vectors)
 *(.progmem.gcc*)
                0x00000054                . = ALIGN (0x2)
                0x00000054                __trampolines_start = .
 *(.trampolines)
 .trampolines   0x00000054        0x0 linker stubs
 *(.trampolines*)
                0x00000054                __trampolines_end = .
 *libprintf_flt.a:*(.progmem.data)
 *libc.a:*(.progmem.data)
 *(.progmem*)
                0x00000054                . = ALIGN (0x2)
 *(.jumptables)
 *(.jumptables*)
 *(.lowtext)
 *(.lowtext*)
                0x00000054                __ctors_start = .
 *(.ctors)
                0x00000054                __ctors_end = .
                0x00000054                __dtors_start = .
 *(.dtors)
                0x00000054                __dtors_end = .
 SORT(*)(.ctors)
 SORT(*)(.dtors)
 *(.init0)
 .init0         0x00000054        0x0 D:/Microchip studio/7.0/Packs/atmel/ATmega_DFP/1.6.364/gcc/dev/atmega32/avr5/crtatmega32.o
                0x00000054                __init
 *(.init0)
 *(.init1)
 *(.init1)
 *(.init2)
 .init2         0x00000054        0xc D:/Microchip studio/7.0/Packs/atmel/ATmega_DFP/1.6.364/gcc/dev/atmega32/avr5/crtatmega32.o
 *(.init2)
 *(.init3)
 *(.init3)
 *(.init4)
 .init4         0x00000060       0x16 d:/microchip studio/7.0/toolchain/avr8/avr8-gnu-toolchain/bin/../lib/gcc/avr/5.4.0/avr5\libgcc.a(_copy_data.o)
                0x00000060                __do_copy_data
 .init4         0x00000076       0x10 d:/microchip studio/7.0/toolchain/avr8/avr8-gnu-toolchain/bin/../lib/gcc/avr/5.4.0/avr5\libgcc.a(_clear_bss.o)
                0x00000076                __do_clear_bss
 *(.init4)
 *(.init5)
 *(.init5)
 *(.init6)
 *(.init6)
 *(.init7)
 *(.init7)
 *(.init8)
 *(.init8)
 *(.init9)
 .init9         0x00000086        0x8 D:/Microchip studio/7.0/Packs/atmel/ATmega_DFP/1.6.364/gcc/dev/atmega32/avr5/crtatmega32.o
 *(.init9)
 *(.text)
 .text          0x0000008e        0x4 D:/Microchip studio/7.0/Packs/atmel/ATmega_DFP/1.6.364/gcc/dev/atmega32/avr5/crtatmega32.o
                0x0000008e                __vector_1
                0x0000008e                __vector_12
                0x0000008e                __bad_interrupt
                0x0000008e                __vector_6
                0x0000008e                __vector_3
                0x0000008e                __vector_11
                0x0000008e                __vector_17
                0x0000008e                __vector_19
                0x0000008e                __vector_7
                0x0000008e                __vector_5
                0x0000008e                __vector_4
                0x0000008e                __vector_9
                0x0000008e                __vector_2
                0x0000008e                __vector_15
                0x0000008e                __vector_8
                0x0000008e                __vector_14
                0x0000008e                __vector_10
                0x0000008e                __vector_18
                0x0000008e                __vector_20
                0x00000092                . = ALIGN (0x2)
 *(.text.*)
 .text.sendWelcomeMessage
                0x00000092       0x28 Application layer/HomeDisplay.o
                0x00000092                sendWelcomeMessage
 .text.displayTemperature
                0x000000ba       0x38 Application layer/HomeDisplay.o
                0x000000ba                displayTemperature
 .text.main     0x000000f2       0x38 Application layer/main.o
                0x000000f2                main
 .text.__vector_13
                0x0000012a       0x7e Application layer/main.o
                0x0000012a                __vector_13
 .text.getName  0x000001a8       0x7e Application layer/UserManagement.o
                0x000001a8                getName
 .text.getPassword
                0x00000226       0x80 Application layer/UserManagement.o
                0x00000226                getPassword
 .text.receivePassword
                0x000002a6       0x78 Application layer/UserManagement.o
                0x000002a6                receivePassword
 .text.enterPassword
                0x0000031e       0xfe Application layer/UserManagement.o
                0x0000031e                enterPassword
 .text.Bluetooth_SendByte
                0x0000041c        0x6 HAL/Bluetooth/Bluetooth.o
                0x0000041c                Bluetooth_SendByte
 .text.Blutooth_SendString
                0x00000422       0x26 HAL/Bluetooth/Bluetooth.o
                0x00000422                Blutooth_SendString
 .text.Bluetooth_Receive
                0x00000448        0x8 HAL/Bluetooth/Bluetooth.o
                0x00000448                Bluetooth_Receive
 .text.Buzzer_Init
                0x00000450        0x8 HAL/Buzzer/Buzzer.o
                0x00000450                Buzzer_Init
 .text.Buzzer_Beep
                0x00000458       0x20 HAL/Buzzer/Buzzer.o
                0x00000458                Buzzer_Beep
 .text.Buzzer_SetAlarm
                0x00000478       0xe4 HAL/Buzzer/Buzzer.o
                0x00000478                Buzzer_SetAlarm
 .text.DCMotor_Init
                0x0000055c       0x14 HAL/DCMotor/DCMotor.o
                0x0000055c                DCMotor_Init
 .text.DCMotor_Start
                0x00000570        0x8 HAL/DCMotor/DCMotor.o
                0x00000570                DCMotor_Start
 .text.DCMotor_Stop
                0x00000578        0x8 HAL/DCMotor/DCMotor.o
                0x00000578                DCMotor_Stop
 .text.EEPROM_ReadByte
                0x00000580       0x74 HAL/EEPROM/EEPROM.o
                0x00000580                EEPROM_ReadByte
 .text.LCD_WriteChar
                0x000005f4       0x6c HAL/LCD/LCD.o
                0x000005f4                LCD_WriteChar
 .text.LCD_WriteCommand
                0x00000660       0x6c HAL/LCD/LCD.o
                0x00000660                LCD_WriteCommand
 .text.LCD_Init
                0x000006cc       0x50 HAL/LCD/LCD.o
                0x000006cc                LCD_Init
 .text.LCD_WriteString
                0x0000071c       0x1a HAL/LCD/LCD.o
                0x0000071c                LCD_WriteString
 .text.LCD_WriteNumber
                0x00000736      0x136 HAL/LCD/LCD.o
                0x00000736                LCD_WriteNumber
 .text.LCD_Clear
                0x0000086c        0x8 HAL/LCD/LCD.o
                0x0000086c                LCD_Clear
 .text.LCD_GoTo
                0x00000874       0x30 HAL/LCD/LCD.o
                0x00000874                LCD_GoTo
 .text.ServoMotor_Init
                0x000008a4       0x46 HAL/ServoMotor/ServoMotor.o
                0x000008a4                ServoMotor_Init
 .text.ServoMotor_Rotate
                0x000008ea       0x2e HAL/ServoMotor/ServoMotor.o
                0x000008ea                ServoMotor_Rotate
 .text.ServoMotor_OpenDoor
                0x00000918       0x4a HAL/ServoMotor/ServoMotor.o
                0x00000918                ServoMotor_OpenDoor
 .text.TempSensor_Init
                0x00000962        0x6 HAL/TempSensor/TempSensor.o
                0x00000962                TempSensor_Init
 .text.TempSensor_Read
                0x00000968       0x46 HAL/TempSensor/TempSensor.o
                0x00000968                TempSensor_Read
 .text.ADC_Init
                0x000009ae       0x44 MCAL/ADC/ADC.o
                0x000009ae                ADC_Init
 .text.ADC_Read
                0x000009f2       0x10 MCAL/ADC/ADC.o
                0x000009f2                ADC_Read
 .text.__vector_16
                0x00000a02       0x28 MCAL/ADC/ADC.o
                0x00000a02                __vector_16
 .text.TWI_Init
                0x00000a2a        0x6 MCAL/TWI/TWI.o
                0x00000a2a                TWI_Init
 .text.TWI_Send_StopBit
                0x00000a30        0x6 MCAL/TWI/TWI.o
                0x00000a30                TWI_Send_StopBit
 .text.TWI_Status
                0x00000a36        0x6 MCAL/TWI/TWI.o
                0x00000a36                TWI_Status
 .text.TWI_Send_StartBit
                0x00000a3c       0x10 MCAL/TWI/TWI.o
                0x00000a3c                TWI_Send_StartBit
 .text.TWI_Send_Byte
                0x00000a4c       0x12 MCAL/TWI/TWI.o
                0x00000a4c                TWI_Send_Byte
 .text.TWI_Read_NAck
                0x00000a5e       0x16 MCAL/TWI/TWI.o
                0x00000a5e                TWI_Read_NAck
 .text.UART_Init
                0x00000a74       0x30 MCAL/UART/UART.o
                0x00000a74                UART_Init
 .text.UART_Transmit
                0x00000aa4        0x8 MCAL/UART/UART.o
                0x00000aa4                UART_Transmit
 .text.libgcc.div
                0x00000aac       0x28 d:/microchip studio/7.0/toolchain/avr8/avr8-gnu-toolchain/bin/../lib/gcc/avr/5.4.0/avr5\libgcc.a(_divmodhi4.o)
                0x00000aac                _div
                0x00000aac                __divmodhi4
 .text.libgcc.div
                0x00000ad4       0x44 d:/microchip studio/7.0/toolchain/avr8/avr8-gnu-toolchain/bin/../lib/gcc/avr/5.4.0/avr5\libgcc.a(_udivmodsi4.o)
                0x00000ad4                __udivmodsi4
 .text.libgcc.mul
                0x00000b18       0x1e d:/microchip studio/7.0/toolchain/avr8/avr8-gnu-toolchain/bin/../lib/gcc/avr/5.4.0/avr5\libgcc.a(_umulhisi3.o)
                0x00000b18                __umulhisi3
 .text.libgcc.div
                0x00000b36       0x28 d:/microchip studio/7.0/toolchain/avr8/avr8-gnu-toolchain/bin/../lib/gcc/avr/5.4.0/avr5\libgcc.a(_udivmodhi4.o)
                0x00000b36                __udivmodhi4
 .text.avr-libc
                0x00000b5e      0x242 d:/microchip studio/7.0/toolchain/avr8/avr8-gnu-toolchain/bin/../lib/gcc/avr/5.4.0/../../../../avr/lib/avr5\libc.a(malloc.o)
                0x00000b5e                malloc
                0x00000c8e                free
 .text.avr-libc
                0x00000da0       0x12 d:/microchip studio/7.0/toolchain/avr8/avr8-gnu-toolchain/bin/../lib/gcc/avr/5.4.0/../../../../avr/lib/avr5\libc.a(strcmp.o)
                0x00000da0                strcmp
                0x00000db2                . = ALIGN (0x2)
 *(.fini9)
 .fini9         0x00000db2        0x0 d:/microchip studio/7.0/toolchain/avr8/avr8-gnu-toolchain/bin/../lib/gcc/avr/5.4.0/avr5\libgcc.a(_exit.o)
                0x00000db2                _exit
                0x00000db2                exit
 *(.fini9)
 *(.fini8)
 *(.fini8)
 *(.fini7)
 *(.fini7)
 *(.fini6)
 *(.fini6)
 *(.fini5)
 *(.fini5)
 *(.fini4)
 *(.fini4)
 *(.fini3)
 *(.fini3)
 *(.fini2)
 *(.fini2)
 *(.fini1)
 *(.fini1)
 *(.fini0)
 .fini0         0x00000db2        0x4 d:/microchip studio/7.0/toolchain/avr8/avr8-gnu-toolchain/bin/../lib/gcc/avr/5.4.0/avr5\libgcc.a(_exit.o)
 *(.fini0)
                0x00000db6                _etext = .

.data           0x00800060       0x9e load address 0x00000db6
                0x00800060                PROVIDE (__data_start, .)
 *(.data)
 .data          0x00800060        0x6 d:/microchip studio/7.0/toolchain/avr8/avr8-gnu-toolchain/bin/../lib/gcc/avr/5.4.0/../../../../avr/lib/avr5\libc.a(malloc.o)
                0x00800060                __malloc_heap_end
                0x00800062                __malloc_heap_start
                0x00800064                __malloc_margin
 *(.data*)
 .data.userPasswordAddressSpace
                0x00800066        0x3 Application layer/UserManagement.o
                0x00800066                userPasswordAddressSpace
 .data.userNameAddressSpace
                0x00800069        0x3 Application layer/UserManagement.o
                0x00800069                userNameAddressSpace
 *(.gnu.linkonce.d*)
 *(.rodata)
 *(.rodata*)
 .rodata.str1.1
                0x0080006c       0x18 Application layer/HomeDisplay.o
 .rodata.str1.1
                0x00800084       0x5b Application layer/UserManagement.o
 .rodata.str1.1
                0x008000df       0x1f HAL/Buzzer/Buzzer.o
 *(.gnu.linkonce.r*)
                0x008000fe                . = ALIGN (0x2)
                0x008000fe                _edata = .
                0x008000fe                PROVIDE (__data_end, .)

.bss            0x008000fe        0x8
                0x008000fe                PROVIDE (__bss_start, .)
 *(.bss)
 *(.bss*)
 .bss.x         0x008000fe        0x2 MCAL/ADC/ADC.o
                0x008000fe                x
 *(COMMON)
 COMMON         0x00800100        0x2 Application layer/main.o
                0x00800100                UART_RX_VALUE
 COMMON         0x00800102        0x4 d:/microchip studio/7.0/toolchain/avr8/avr8-gnu-toolchain/bin/../lib/gcc/avr/5.4.0/../../../../avr/lib/avr5\libc.a(malloc.o)
                0x00800102                __brkval
                0x00800104                __flp
                0x00800106                PROVIDE (__bss_end, .)
                0x00000db6                __data_load_start = LOADADDR (.data)
                0x00000e54                __data_load_end = (__data_load_start + SIZEOF (.data))

.noinit         0x00800106        0x0
                [!provide]                PROVIDE (__noinit_start, .)
 *(.noinit*)
                [!provide]                PROVIDE (__noinit_end, .)
                0x00800106                _end = .
                0x00800106                PROVIDE (__heap_start, .)

.eeprom         0x00810000        0x0
 *(.eeprom*)
                0x00810000                __eeprom_end = .

.fuse
 *(.fuse)
 *(.lfuse)
 *(.hfuse)
 *(.efuse)

.lock
 *(.lock*)

.signature
 *(.signature*)

.user_signatures
 *(.user_signatures*)

.stab
 *(.stab)

.stabstr
 *(.stabstr)

.stab.excl
 *(.stab.excl)

.stab.exclstr
 *(.stab.exclstr)

.stab.index
 *(.stab.index)

.stab.indexstr
 *(.stab.indexstr)

.comment        0x00000000       0x30
 *(.comment)
 .comment       0x00000000       0x30 Application layer/HomeDisplay.o
                                 0x31 (size before relaxing)
 .comment       0x00000030       0x31 Application layer/main.o
 .comment       0x00000030       0x31 Application layer/UserManagement.o
 .comment       0x00000030       0x31 HAL/Bluetooth/Bluetooth.o
 .comment       0x00000030       0x31 HAL/Buzzer/Buzzer.o
 .comment       0x00000030       0x31 HAL/DCMotor/DCMotor.o
 .comment       0x00000030       0x31 HAL/EEPROM/EEPROM.o
 .comment       0x00000030       0x31 HAL/LCD/LCD.o
 .comment       0x00000030       0x31 HAL/ServoMotor/ServoMotor.o
 .comment       0x00000030       0x31 HAL/TempSensor/TempSensor.o
 .comment       0x00000030       0x31 MCAL/ADC/ADC.o
 .comment       0x00000030       0x31 MCAL/TWI/TWI.o
 .comment       0x00000030       0x31 MCAL/UART/UART.o
 .comment       0x00000030       0x31 d:/microchip studio/7.0/toolchain/avr8/avr8-gnu-toolchain/bin/../lib/gcc/avr/5.4.0/../../../../avr/lib/avr5\libc.a(malloc.o)

.note.gnu.avr.deviceinfo
                0x00000000       0x3c
 .note.gnu.avr.deviceinfo
                0x00000000       0x3c D:/Microchip studio/7.0/Packs/atmel/ATmega_DFP/1.6.364/gcc/dev/atmega32/avr5/crtatmega32.o

.note.gnu.build-id
 *(.note.gnu.build-id)

.debug
 *(.debug)

.line
 *(.line)

.debug_srcinfo
 *(.debug_srcinfo)

.debug_sfnames
 *(.debug_sfnames)

.debug_aranges  0x00000000      0x2c0
 *(.debug_aranges)
 .debug_aranges
                0x00000000       0x28 Application layer/HomeDisplay.o
 .debug_aranges
                0x00000028       0x28 Application layer/main.o
 .debug_aranges
                0x00000050       0x50 Application layer/UserManagement.o
 .debug_aranges
                0x000000a0       0x38 HAL/Bluetooth/Bluetooth.o
 .debug_aranges
                0x000000d8       0x30 HAL/Buzzer/Buzzer.o
 .debug_aranges
                0x00000108       0x30 HAL/DCMotor/DCMotor.o
 .debug_aranges
                0x00000138       0x28 HAL/EEPROM/EEPROM.o
 .debug_aranges
                0x00000160       0x60 HAL/LCD/LCD.o
 .debug_aranges
                0x000001c0       0x30 HAL/ServoMotor/ServoMotor.o
 .debug_aranges
                0x000001f0       0x28 HAL/TempSensor/TempSensor.o
 .debug_aranges
                0x00000218       0x30 MCAL/ADC/ADC.o
 .debug_aranges
                0x00000248       0x50 MCAL/TWI/TWI.o
 .debug_aranges
                0x00000298       0x28 MCAL/UART/UART.o

.debug_pubnames
 *(.debug_pubnames)

.debug_info     0x00000000     0x2e33
 *(.debug_info .gnu.linkonce.wi.*)
 .debug_info    0x00000000      0x4e6 D:/Microchip studio/7.0/Packs/atmel/ATmega_DFP/1.6.364/gcc/dev/atmega32/avr5/crtatmega32.o
 .debug_info    0x000004e6      0x2ba Application layer/HomeDisplay.o
 .debug_info    0x000007a0      0x289 Application layer/main.o
 .debug_info    0x00000a29      0xd25 Application layer/UserManagement.o
 .debug_info    0x0000174e      0x1e3 HAL/Bluetooth/Bluetooth.o
 .debug_info    0x00001931      0x3bc HAL/Buzzer/Buzzer.o
 .debug_info    0x00001ced       0xcb HAL/DCMotor/DCMotor.o
 .debug_info    0x00001db8      0x2af HAL/EEPROM/EEPROM.o
 .debug_info    0x00002067      0x6be HAL/LCD/LCD.o
 .debug_info    0x00002725      0x238 HAL/ServoMotor/ServoMotor.o
 .debug_info    0x0000295d      0x15a HAL/TempSensor/TempSensor.o
 .debug_info    0x00002ab7       0xea MCAL/ADC/ADC.o
 .debug_info    0x00002ba1      0x1a8 MCAL/TWI/TWI.o
 .debug_info    0x00002d49       0xea MCAL/UART/UART.o

.debug_abbrev   0x00000000     0x1238
 *(.debug_abbrev)
 .debug_abbrev  0x00000000      0x4a3 D:/Microchip studio/7.0/Packs/atmel/ATmega_DFP/1.6.364/gcc/dev/atmega32/avr5/crtatmega32.o
 .debug_abbrev  0x000004a3      0x114 Application layer/HomeDisplay.o
 .debug_abbrev  0x000005b7      0x15a Application layer/main.o
 .debug_abbrev  0x00000711      0x1cc Application layer/UserManagement.o
 .debug_abbrev  0x000008dd      0x148 HAL/Bluetooth/Bluetooth.o
 .debug_abbrev  0x00000a25      0x118 HAL/Buzzer/Buzzer.o
 .debug_abbrev  0x00000b3d       0x51 HAL/DCMotor/DCMotor.o
 .debug_abbrev  0x00000b8e       0xfc HAL/EEPROM/EEPROM.o
 .debug_abbrev  0x00000c8a      0x1c8 HAL/LCD/LCD.o
 .debug_abbrev  0x00000e52      0x143 HAL/ServoMotor/ServoMotor.o
 .debug_abbrev  0x00000f95       0x9b HAL/TempSensor/TempSensor.o
 .debug_abbrev  0x00001030       0xa1 MCAL/ADC/ADC.o
 .debug_abbrev  0x000010d1       0xd1 MCAL/TWI/TWI.o
 .debug_abbrev  0x000011a2       0x96 MCAL/UART/UART.o

.debug_line     0x00000000     0x1947
 *(.debug_line .debug_line.* .debug_line_end)
 .debug_line    0x00000000      0x116 D:/Microchip studio/7.0/Packs/atmel/ATmega_DFP/1.6.364/gcc/dev/atmega32/avr5/crtatmega32.o
 .debug_line    0x00000116      0x142 Application layer/HomeDisplay.o
 .debug_line    0x00000258      0x24d Application layer/main.o
 .debug_line    0x000004a5      0x505 Application layer/UserManagement.o
 .debug_line    0x000009aa      0x1a4 HAL/Bluetooth/Bluetooth.o
 .debug_line    0x00000b4e      0x1e5 HAL/Buzzer/Buzzer.o
 .debug_line    0x00000d33       0xd4 HAL/DCMotor/DCMotor.o
 .debug_line    0x00000e07       0xe1 HAL/EEPROM/EEPROM.o
 .debug_line    0x00000ee8      0x3b7 HAL/LCD/LCD.o
 .debug_line    0x0000129f      0x1c0 HAL/ServoMotor/ServoMotor.o
 .debug_line    0x0000145f       0xf6 HAL/TempSensor/TempSensor.o
 .debug_line    0x00001555      0x13c MCAL/ADC/ADC.o
 .debug_line    0x00001691      0x1ac MCAL/TWI/TWI.o
 .debug_line    0x0000183d      0x10a MCAL/UART/UART.o

.debug_frame    0x00000000      0x5b0
 *(.debug_frame)
 .debug_frame   0x00000000       0x34 Application layer/HomeDisplay.o
 .debug_frame   0x00000034       0x7c Application layer/main.o
 .debug_frame   0x000000b0      0x134 Application layer/UserManagement.o
 .debug_frame   0x000001e4       0x60 HAL/Bluetooth/Bluetooth.o
 .debug_frame   0x00000244       0x44 HAL/Buzzer/Buzzer.o
 .debug_frame   0x00000288       0x44 HAL/DCMotor/DCMotor.o
 .debug_frame   0x000002cc       0x64 HAL/EEPROM/EEPROM.o
 .debug_frame   0x00000330       0xe4 HAL/LCD/LCD.o
 .debug_frame   0x00000414       0x44 HAL/ServoMotor/ServoMotor.o
 .debug_frame   0x00000458       0x48 HAL/TempSensor/TempSensor.o
 .debug_frame   0x000004a0       0x58 MCAL/ADC/ADC.o
 .debug_frame   0x000004f8       0x84 MCAL/TWI/TWI.o
 .debug_frame   0x0000057c       0x34 MCAL/UART/UART.o

.debug_str      0x00000000      0x89f
 *(.debug_str)
 .debug_str     0x00000000      0x196 D:/Microchip studio/7.0/Packs/atmel/ATmega_DFP/1.6.364/gcc/dev/atmega32/avr5/crtatmega32.o
 .debug_str     0x00000196      0x1f5 Application layer/HomeDisplay.o
                                0x229 (size before relaxing)
 .debug_str     0x0000038b       0xd2 Application layer/main.o
                                0x296 (size before relaxing)
 .debug_str     0x0000045d      0x1d8 Application layer/UserManagement.o
                                0x3db (size before relaxing)
 .debug_str     0x00000635       0x46 HAL/Bluetooth/Bluetooth.o
                                0x252 (size before relaxing)
 .debug_str     0x0000067b       0x17 HAL/Buzzer/Buzzer.o
                                0x21d (size before relaxing)
 .debug_str     0x00000692       0x34 HAL/DCMotor/DCMotor.o
                                0x1c1 (size before relaxing)
 .debug_str     0x000006c6       0x8d HAL/EEPROM/EEPROM.o
                                0x1f9 (size before relaxing)
 .debug_str     0x00000753       0x54 HAL/LCD/LCD.o
                                0x27f (size before relaxing)
 .debug_str     0x000007a7       0x5d HAL/ServoMotor/ServoMotor.o
                                0x245 (size before relaxing)
 .debug_str     0x00000804       0x3a HAL/TempSensor/TempSensor.o
                                0x205 (size before relaxing)
 .debug_str     0x0000083e       0x1e MCAL/ADC/ADC.o
                                0x1b0 (size before relaxing)
 .debug_str     0x0000085c       0x2a MCAL/TWI/TWI.o
                                0x1fe (size before relaxing)
 .debug_str     0x00000886       0x19 MCAL/UART/UART.o
                                0x1b6 (size before relaxing)

.debug_loc      0x00000000     0x1a90
 *(.debug_loc)
 .debug_loc     0x00000000       0x90 Application layer/HomeDisplay.o
 .debug_loc     0x00000090       0xcb Application layer/main.o
 .debug_loc     0x0000015b      0xaf0 Application layer/UserManagement.o
 .debug_loc     0x00000c4b       0xbe HAL/Bluetooth/Bluetooth.o
 .debug_loc     0x00000d09      0x2d0 HAL/Buzzer/Buzzer.o
 .debug_loc     0x00000fd9      0x1c6 HAL/EEPROM/EEPROM.o
 .debug_loc     0x0000119f      0x6b2 HAL/LCD/LCD.o
 .debug_loc     0x00001851      0x104 HAL/ServoMotor/ServoMotor.o
 .debug_loc     0x00001955       0x79 HAL/TempSensor/TempSensor.o
 .debug_loc     0x000019ce       0x49 MCAL/ADC/ADC.o
 .debug_loc     0x00001a17       0x79 MCAL/TWI/TWI.o

.debug_macinfo
 *(.debug_macinfo)

.debug_weaknames
 *(.debug_weaknames)

.debug_funcnames
 *(.debug_funcnames)

.debug_typenames
 *(.debug_typenames)

.debug_varnames
 *(.debug_varnames)

.debug_pubtypes
 *(.debug_pubtypes)

.debug_ranges   0x00000000      0x208
 *(.debug_ranges)
 .debug_ranges  0x00000000       0x18 Application layer/HomeDisplay.o
 .debug_ranges  0x00000018       0x18 Application layer/main.o
 .debug_ranges  0x00000030       0x40 Application layer/UserManagement.o
 .debug_ranges  0x00000070       0x28 HAL/Bluetooth/Bluetooth.o
 .debug_ranges  0x00000098       0x20 HAL/Buzzer/Buzzer.o
 .debug_ranges  0x000000b8       0x20 HAL/DCMotor/DCMotor.o
 .debug_ranges  0x000000d8       0x18 HAL/EEPROM/EEPROM.o
 .debug_ranges  0x000000f0       0x68 HAL/LCD/LCD.o
 .debug_ranges  0x00000158       0x20 HAL/ServoMotor/ServoMotor.o
 .debug_ranges  0x00000178       0x18 HAL/TempSensor/TempSensor.o
 .debug_ranges  0x00000190       0x20 MCAL/ADC/ADC.o
 .debug_ranges  0x000001b0       0x40 MCAL/TWI/TWI.o
 .debug_ranges  0x000001f0       0x18 MCAL/UART/UART.o

.debug_macro
 *(.debug_macro)
OUTPUT(Smart_Home_Project.elf elf32-avr)
LOAD linker stubs
